RAG API: 95.92446660995483
Outline API: 10.175061702728271
RAG API: 0.9068074226379395
RAG API: 0.2128276824951172
RAG API: 0.21267342567443848
RAG API: 0.21392083168029785
RAG API: 0.19687104225158691
RAG API: 0.19806694984436035
RAG API: 0.19632935523986816
RAG API: 0.1943066120147705
RAG API: 0.21143031120300293
RAG API: 0.19915032386779785
RAG API: 0.1940920352935791
RAG API: 0.19659709930419922
RAG API: 0.19584226608276367
RAG API: 0.19325947761535645
RAG API: 0.19501233100891113
RAG API: 0.1958296298980713
RAG API: 0.1979055404663086
RAG API: 0.2011113166809082
RAG API: 0.19656610488891602
RAG API: 0.51192307472229
RAG API: 0.24855589866638184
RAG API: 0.19370031356811523
RAG API: 0.1938762664794922
RAG API: 0.23708224296569824
RAG API: 0.19257712364196777
RAG API: 0.1930224895477295
RAG API: 0.19506049156188965
RAG API: 0.19998645782470703
RAG API: 0.19603705406188965
RAG API: 0.1936931610107422
RAG API: 0.19209909439086914
RAG API: 0.19309043884277344
RAG API: 0.19224119186401367
SubOutline API: 13.734466791152954
RAG API: 99.28246188163757
RAG API: 1.0015966892242432
RAG API: 0.981518030166626
RAG API: 0.9909722805023193
RAG API: 0.9825410842895508
RAG API: 1.0014915466308594
RAG API: 0.9848992824554443
RAG API: 0.9823577404022217
RAG API: 1.0519118309020996
RAG API: 1.034872055053711
RAG API: 1.0289764404296875
RAG API: 1.0403153896331787
RAG API: 1.040816068649292
RAG API: 1.124131202697754
RAG API: 1.0399160385131836
RAG API: 1.049816370010376
RAG API: 1.035984754562378
RAG API: 1.0364463329315186
RAG API: 1.0029165744781494
RAG API: 0.9921829700469971
RAG API: 1.0610134601593018
RAG API: 0.9989380836486816
RAG API: 0.9930310249328613
RAG API: 0.9948770999908447
RAG API: 1.0043346881866455
RAG API: 0.9870312213897705
RAG API: 1.0040504932403564
RAG API: 1.0628242492675781
RAG API: 0.9887933731079102
RAG API: 0.9880716800689697
RAG API: 1.0011920928955078
RAG API: 1.0450553894042969
RAG API: 1.0356924533843994
RAG API: 1.0445878505706787
RAG API: 1.0470399856567383
RAG API: 1.038048505783081
RAG API: 1.0414037704467773
RAG API: 0.984513521194458
Content API: 14.899147987365723
Content API: 15.178848266601562
Content API: 15.895774841308594
Content API: 16.46002221107483
Content API: 16.915194749832153
Content API: 17.101792335510254
Content API: 17.843048810958862
Content API: 17.878416776657104
Content API: 18.621841192245483
Content Check API: 10.929073572158813
Content Check API: 12.81491208076477
Content Check API: 12.68585205078125
Content Check API: 13.809951782226562
Content Check API: 14.282323598861694
Content Check API: 14.995952606201172
Content Check API: 14.324917316436768
Content Check API: 13.939801692962646
Content Check API: 15.413527727127075
RAG API: 7.541166067123413
RAG API: 8.184678792953491
