RAG API: 105.22506141662598
Outline API: 10.254217386245728
RAG API: 0.8590033054351807
RAG API: 0.8255348205566406
RAG API: 0.2817203998565674
RAG API: 0.2075214385986328
RAG API: 0.6734023094177246
RAG API: 0.19621562957763672
RAG API: 0.19404125213623047
RAG API: 0.1931324005126953
RAG API: 0.64762282371521
RAG API: 0.1958465576171875
RAG API: 0.19174718856811523
RAG API: 0.19426417350769043
RAG API: 0.6336793899536133
RAG API: 0.19318556785583496
RAG API: 0.1928722858428955
RAG API: 0.19989991188049316
RAG API: 0.633112907409668
RAG API: 0.19841909408569336
RAG API: 0.20578622817993164
RAG API: 0.19356322288513184
RAG API: 0.33529043197631836
RAG API: 0.24109458923339844
RAG API: 0.24347496032714844
RAG API: 0.24057626724243164
RAG API: 0.2390885353088379
RAG API: 0.2881779670715332
RAG API: 0.19148874282836914
RAG API: 0.1889808177947998
RAG API: 0.19108104705810547
SubOutline API: 12.733842134475708
RAG API: 104.78456687927246
RAG API: 1.0110645294189453
RAG API: 1.0309484004974365
RAG API: 1.0408251285552979
RAG API: 1.1210949420928955
RAG API: 1.0450608730316162
RAG API: 1.014596939086914
RAG API: 1.0075151920318604
RAG API: 1.0019123554229736
RAG API: 1.003835916519165
RAG API: 0.993175745010376
RAG API: 0.997962236404419
RAG API: 0.9945685863494873
RAG API: 0.986278772354126
RAG API: 0.981126070022583
RAG API: 0.9936776161193848
RAG API: 0.9935579299926758
RAG API: 0.9881715774536133
RAG API: 0.9870972633361816
RAG API: 0.9936926364898682
RAG API: 0.9886956214904785
RAG API: 0.986797571182251
RAG API: 0.9903733730316162
RAG API: 1.052539348602295
RAG API: 0.9942867755889893
RAG API: 1.0414447784423828
RAG API: 1.0502476692199707
RAG API: 0.986891508102417
RAG API: 0.9931106567382812
RAG API: 0.9991974830627441
RAG API: 1.017087697982788
RAG API: 0.9992878437042236
RAG API: 1.0031611919403076
RAG API: 0.9953105449676514
RAG API: 0.9872016906738281
RAG API: 0.9946448802947998
RAG API: 0.9909408092498779
Content API: 9.7533700466156
Content API: 12.365174293518066
Content API: 15.260628461837769
Content API: 15.7391676902771
Content API: 16.109790325164795
Content API: 16.377298593521118
Content API: 16.37823796272278
Content API: 16.509340047836304
Content Check API: 12.75139594078064
Content Check API: 10.866048336029053
Content Check API: 14.03229546546936
Content Check API: 14.02603554725647
Content Check API: 15.363890886306763
Content Check API: 15.135438919067383
Content Check API: 16.057569980621338
Content Check API: 16.752949714660645
RAG API: 12.57483458518982
RAG API: 11.593478441238403
