RAG API: 96.60897994041443
Outline API: 12.156964302062988
RAG API: 0.9274277687072754
RAG API: 0.22933435440063477
RAG API: 0.2152712345123291
RAG API: 0.21546292304992676
RAG API: 0.21201539039611816
RAG API: 0.2007298469543457
RAG API: 0.201674222946167
RAG API: 0.2034015655517578
RAG API: 0.20694398880004883
RAG API: 0.20136761665344238
RAG API: 0.1983804702758789
RAG API: 0.19935274124145508
RAG API: 0.20917701721191406
RAG API: 0.19921517372131348
RAG API: 0.19856500625610352
RAG API: 0.2010650634765625
RAG API: 0.20149636268615723
RAG API: 0.8947045803070068
RAG API: 0.2194678783416748
RAG API: 0.21317315101623535
RAG API: 0.2140054702758789
RAG API: 0.19900226593017578
RAG API: 0.1951768398284912
RAG API: 0.1969459056854248
RAG API: 0.20025086402893066
RAG API: 0.1974778175354004
RAG API: 0.19656014442443848
RAG API: 0.19646787643432617
SubOutline API: 13.737836837768555
RAG API: 107.66617035865784
RAG API: 1.0024909973144531
RAG API: 0.9861650466918945
RAG API: 0.9902722835540771
RAG API: 0.9865813255310059
RAG API: 1.0010144710540771
RAG API: 0.9943773746490479
RAG API: 0.9994642734527588
RAG API: 1.0084524154663086
RAG API: 0.9862124919891357
RAG API: 0.9942669868469238
RAG API: 0.9929733276367188
RAG API: 0.9884951114654541
RAG API: 0.9911925792694092
RAG API: 0.991426944732666
RAG API: 0.9921085834503174
RAG API: 0.9816265106201172
RAG API: 0.9853916168212891
RAG API: 1.0038056373596191
RAG API: 0.9888327121734619
RAG API: 0.9810032844543457
RAG API: 0.987729549407959
RAG API: 1.0275049209594727
RAG API: 0.9899077415466309
RAG API: 0.9814143180847168
RAG API: 0.9877636432647705
RAG API: 0.9910566806793213
RAG API: 1.0034489631652832
RAG API: 0.9925711154937744
RAG API: 0.9886455535888672
RAG API: 0.9852621555328369
RAG API: 0.9893004894256592
RAG API: 0.9900996685028076
RAG API: 0.9930143356323242
RAG API: 0.970461368560791
RAG API: 0.9824478626251221
RAG API: 0.9953596591949463
Content API: 14.18227243423462
Content API: 14.315027713775635
Content API: 15.315279722213745
Content API: 15.680910587310791
Content API: 15.66795563697815
Content API: 15.8253493309021
Content API: 16.03545308113098
Content API: 16.721131086349487
Content Check API: 11.412803649902344
Content Check API: 12.096848726272583
Content Check API: 13.51495623588562
Content Check API: 14.095057725906372
Content Check API: 15.250408172607422
Content Check API: 14.567189455032349
Content Check API: 16.70679211616516
Content Check API: 16.228744506835938
RAG API: 7.42962646484375
RAG API: 6.260595083236694
